2025-12-27 04:22:47 Loading main app package /usr/lib/obsidian/obsidian.asar
2025-12-27 04:22:48 Checking for update using Github
2025-12-27 04:22:48 Success.
2025-12-27 04:22:48 Latest version is 1.10.6
2025-12-27 04:22:48 App is up to date.
2025-12-27 04:24:12 Loading main app package /usr/lib/obsidian/obsidian.asar
2025-12-27 04:24:12 Checking for update using Github
2025-12-27 04:24:12 Success.
2025-12-27 04:24:12 Latest version is 1.10.6
2025-12-27 04:24:12 App is up to date.
2025-12-27 04:25:39 Loading main app package /usr/lib/obsidian/obsidian.asar
2025-12-27 04:25:39 Checking for update using Github
2025-12-27 04:25:39 Success.
2025-12-27 04:25:39 Latest version is 1.10.6
2025-12-27 04:25:39 App is up to date.
2025-12-27 04:26:53 Loading main app package /usr/lib/obsidian/obsidian.asar
2025-12-27 04:26:53 Checking for update using Github
2025-12-27 04:26:53 Success.
2025-12-27 04:26:53 Latest version is 1.10.6
2025-12-27 04:26:53 App is up to date.
2025-12-27 16:49:22 Loading main app package /usr/lib/obsidian/obsidian.asar
2025-12-27 16:49:23 Checking for update using Github
2025-12-27 16:49:23 Success.
2025-12-27 16:49:23 Latest version is 1.10.6
2025-12-27 16:49:23 App is up to date.
2025-12-27 18:08:34 Loading main app package /usr/lib/obsidian/obsidian.asar
2025-12-27 18:08:35 Checking for update using Github
2025-12-27 18:08:37 Success.
2025-12-27 18:08:37 Latest version is 1.10.6
2025-12-27 18:08:37 App is up to date.
2025-12-28 03:36:15 Loading main app package /usr/lib/obsidian/obsidian.asar
2025-12-28 03:36:15 Checking for update using Github
2025-12-28 03:36:15 Success.
2025-12-28 03:36:15 Latest version is 1.10.6
2025-12-28 03:36:15 App is up to date.
2025-12-28 04:04:22 Loading main app package /usr/lib/obsidian/obsidian.asar
2025-12-28 04:04:22 Checking for update using Github
2025-12-28 04:04:23 Success.
2025-12-28 04:04:23 Latest version is 1.10.6
2025-12-28 04:04:23 App is up to date.
2025-12-28 10:47:38 Loading main app package /usr/lib/obsidian/obsidian.asar
2025-12-28 10:47:38 Checking for update using Github
2025-12-28 10:47:39 Success.
2025-12-28 10:47:39 Latest version is 1.10.6
2025-12-28 10:47:39 App is up to date.
2025-12-28 15:13:03 Loading main app package /usr/lib/obsidian/obsidian.asar
2025-12-28 15:13:03 Checking for update using Github
2025-12-28 15:13:04 Success.
2025-12-28 15:13:04 Latest version is 1.10.6
2025-12-28 15:13:04 App is up to date.
2025-12-28 15:35:27 Loading main app package /usr/lib/obsidian/obsidian.asar
2025-12-28 15:35:27 Checking for update using Github
2025-12-28 15:35:27 Success.
2025-12-28 15:35:27 Latest version is 1.10.6
2025-12-28 15:35:27 App is up to date.
2025-12-29 09:44:41 Loading main app package /usr/lib/obsidian/obsidian.asar
2025-12-29 09:44:41 Checking for update using Github
2025-12-29 09:44:47 Success.
2025-12-29 09:44:47 Latest version is 1.10.6
2025-12-29 09:44:47 App is up to date.
2025-12-29 10:44:41 Checking for update using Github
2025-12-29 10:44:41 Success.
2025-12-29 10:44:41 Latest version is 1.10.6
2025-12-29 10:44:41 App is up to date.
2025-12-29 11:44:41 Checking for update using Github
2025-12-29 11:44:41 Success.
2025-12-29 11:44:41 Latest version is 1.10.6
2025-12-29 11:44:41 App is up to date.
2025-12-29 12:44:41 Checking for update using Github
2025-12-29 12:44:42 Success.
2025-12-29 12:44:42 Latest version is 1.10.6
2025-12-29 12:44:42 App is up to date.
2025-12-29 13:44:41 Checking for update using Github
2025-12-29 13:44:41 Success.
2025-12-29 13:44:41 Latest version is 1.10.6
2025-12-29 13:44:41 App is up to date.
2025-12-29 14:44:41 Checking for update using Github
2025-12-29 14:44:41 Success.
2025-12-29 14:44:41 Latest version is 1.10.6
2025-12-29 14:44:41 App is up to date.
2025-12-29 18:24:11 Loading main app package /usr/lib/obsidian/obsidian.asar
2025-12-29 18:24:11 Checking for update using Github
2025-12-29 18:24:11 Success.
2025-12-29 18:24:11 Latest version is 1.10.6
2025-12-29 18:24:11 App is up to date.
2025-12-30 07:13:56 Loading main app package /usr/lib/obsidian/obsidian.asar
2025-12-30 07:13:56 Checking for update using Github
2025-12-30 07:13:56 Failed to check for update using Github (net::ERR_INTERNET_DISCONNECTED)
2025-12-30 07:13:56 Checking for update using obsidian.md
2025-12-30 07:13:56 Failed to check for update using obsidian.md (net::ERR_INTERNET_DISCONNECTED)
2025-12-30 14:41:49 Loading main app package /usr/lib/obsidian/obsidian.asar
2025-12-30 14:41:49 Checking for update using Github
2025-12-30 14:41:50 Success.
2025-12-30 14:41:50 Latest version is 1.10.6
2025-12-30 14:41:50 App is up to date.
2025-12-30 15:41:49 Checking for update using Github
2025-12-30 15:41:52 Success.
2025-12-30 15:41:52 Latest version is 1.10.6
2025-12-30 15:41:52 App is up to date.
2025-12-30 16:41:49 Checking for update using Github
2025-12-30 16:41:49 Success.
2025-12-30 16:41:49 Latest version is 1.10.6
2025-12-30 16:41:49 App is up to date.
2025-12-30 17:41:49 Checking for update using Github
2025-12-30 17:41:50 Success.
2025-12-30 17:41:50 Latest version is 1.10.6
2025-12-30 17:41:50 App is up to date.
2025-12-30 18:41:49 Checking for update using Github
2025-12-30 18:41:50 Success.
2025-12-30 18:41:50 Latest version is 1.10.6
2025-12-30 18:41:50 App is up to date.
2025-12-31 15:38:13 Loading main app package /usr/lib/obsidian/obsidian.asar
2025-12-31 15:38:14 Checking for update using Github
2025-12-31 15:38:14 Failed to check for update using Github (net::ERR_INTERNET_DISCONNECTED)
2025-12-31 15:38:14 Checking for update using obsidian.md
2025-12-31 15:38:14 Failed to check for update using obsidian.md (net::ERR_INTERNET_DISCONNECTED)
2025-12-31 16:09:19 Loading main app package /usr/lib/obsidian/obsidian.asar
2025-12-31 16:09:19 Checking for update using Github
2025-12-31 16:09:20 Success.
2025-12-31 16:09:20 Latest version is 1.10.6
2025-12-31 16:09:20 App is up to date.
2026-01-01 14:25:58 Loading main app package /usr/lib/obsidian/obsidian.asar
2026-01-01 14:25:58 Checking for update using Github
2026-01-01 14:25:59 Success.
2026-01-01 14:25:59 Latest version is 1.10.6
2026-01-01 14:25:59 App is up to date.
2026-01-01 15:25:58 Checking for update using Github
2026-01-01 15:25:58 Failed to check for update using Github (net::ERR_INTERNET_DISCONNECTED)
2026-01-01 15:25:58 Checking for update using obsidian.md
2026-01-01 15:25:58 Failed to check for update using obsidian.md (net::ERR_INTERNET_DISCONNECTED)
2026-01-01 16:25:58 Checking for update using Github
2026-01-01 16:25:58 Success.
2026-01-01 16:25:58 Latest version is 1.10.6
2026-01-01 16:25:58 App is up to date.
2026-01-01 17:25:58 Checking for update using Github
2026-01-01 17:26:03 Success.
2026-01-01 17:26:03 Latest version is 1.10.6
2026-01-01 17:26:03 App is up to date.
2026-01-02 14:08:02 Loading main app package /usr/lib/obsidian/obsidian.asar
2026-01-02 14:08:02 Checking for update using Github
2026-01-02 14:08:02 Success.
2026-01-02 14:08:02 Latest version is 1.10.6
2026-01-02 14:08:02 App is up to date.
2026-01-02 14:50:04 Loading main app package /usr/lib/obsidian/obsidian.asar
2026-01-02 14:50:05 Checking for update using Github
2026-01-02 14:50:05 Success.
2026-01-02 14:50:05 Latest version is 1.10.6
2026-01-02 14:50:05 App is up to date.
2026-01-02 15:12:47 Loading main app package /usr/lib/obsidian/obsidian.asar
2026-01-02 15:12:47 Checking for update using Github
2026-01-02 15:12:48 Success.
2026-01-02 15:12:48 Latest version is 1.10.6
2026-01-02 15:12:48 App is up to date.
2026-01-02 16:12:47 Checking for update using Github
2026-01-02 16:12:47 Success.
2026-01-02 16:12:47 Latest version is 1.10.6
2026-01-02 16:12:47 App is up to date.
2026-01-02 17:12:47 Checking for update using Github
2026-01-02 17:12:48 Success.
2026-01-02 17:12:48 Latest version is 1.10.6
2026-01-02 17:12:48 App is up to date.
2026-01-03 05:21:00 Loading main app package /usr/lib/obsidian/obsidian.asar
2026-01-03 05:21:00 Checking for update using Github
2026-01-03 05:21:00 Success.
2026-01-03 05:21:00 Latest version is 1.10.6
2026-01-03 05:21:00 App is up to date.
2026-01-03 06:21:00 Checking for update using Github
2026-01-03 06:21:00 Success.
2026-01-03 06:21:00 Latest version is 1.10.6
2026-01-03 06:21:00 App is up to date.
2026-01-03 07:21:00 Checking for update using Github
2026-01-03 07:21:01 Success.
2026-01-03 07:21:01 Latest version is 1.10.6
2026-01-03 07:21:01 App is up to date.
2026-01-04 13:14:58 Loading main app package /usr/lib/obsidian/obsidian.asar
2026-01-04 13:14:59 Checking for update using Github
2026-01-04 13:14:59 Success.
2026-01-04 13:14:59 Latest version is 1.10.6
2026-01-04 13:14:59 App is up to date.
2026-01-04 14:14:58 Checking for update using Github
2026-01-04 14:15:01 Success.
2026-01-04 14:15:01 Latest version is 1.10.6
2026-01-04 14:15:01 App is up to date.
2026-01-04 15:14:58 Checking for update using Github
2026-01-04 15:14:59 Success.
2026-01-04 15:14:59 Latest version is 1.10.6
2026-01-04 15:14:59 App is up to date.
2026-01-04 15:59:01 Loading main app package /usr/lib/obsidian/obsidian.asar
2026-01-04 15:59:01 Checking for update using Github
2026-01-04 16:14:58 Checking for update using Github
2026-01-04 16:14:58 Failed to check for update using Github (net::ERR_INTERNET_DISCONNECTED)
2026-01-04 16:14:58 Checking for update using obsidian.md
2026-01-04 16:14:58 Failed to check for update using obsidian.md (net::ERR_INTERNET_DISCONNECTED)
2026-01-04 17:14:58 Checking for update using Github
2026-01-04 17:14:59 Success.
2026-01-04 17:14:59 Latest version is 1.10.6
2026-01-04 17:14:59 App is up to date.
2026-01-14 17:04:00 Loading main app package /usr/lib/obsidian/obsidian.asar
2026-01-14 17:04:00 Checking for update using Github
2026-01-14 17:04:01 Success.
2026-01-14 17:04:01 Latest version is 1.11.4
2026-01-14 17:04:01 Downloading update from https://github.com/obsidianmd/obsidian-releases/releases/download/v1.11.4/obsidian-1.11.4.asar.gz
2026-01-14 17:04:08 Verifying hash & signature. Size= 8769455
2026-01-14 17:04:08 Saving file
2026-01-14 17:04:08 Update complete.
2026-01-14 18:04:00 Checking for update using Github
2026-01-14 18:04:01 Success.
2026-01-14 18:04:01 Latest version is 1.11.4
2026-01-14 18:04:01 An update is already downloaded.
2026-01-14 19:04:00 Checking for update using Github
2026-01-14 19:04:01 Success.
2026-01-14 19:04:01 Latest version is 1.11.4
2026-01-14 19:04:01 An update is already downloaded.
2026-01-15 05:14:16 Loading updated app package /home/zeke/.config/obsidian/obsidian-1.11.4.asar
2026-01-15 05:14:16 Checking for update using Github
2026-01-15 05:14:23 Success.
2026-01-15 05:14:23 Latest version is 1.11.4
2026-01-15 05:14:23 App is up to date.
2026-01-15 06:32:20 Checking for update using Github
2026-01-15 06:32:20 Success.
2026-01-15 06:32:20 Latest version is 1.11.4
2026-01-15 06:32:20 App is up to date.
2026-01-15 07:54:34 Checking for update using Github
2026-01-15 07:54:34 Failed to check for update using Github (net::ERR_INTERNET_DISCONNECTED)
2026-01-15 07:54:34 Checking for update using obsidian.md
2026-01-15 07:54:34 Failed to check for update using obsidian.md (net::ERR_INTERNET_DISCONNECTED)
2026-01-15 08:54:36 Checking for update using Github
2026-01-15 08:54:36 Success.
2026-01-15 08:54:36 Latest version is 1.11.4
2026-01-15 08:54:36 App is up to date.
2026-01-15 09:54:36 Checking for update using Github
2026-01-15 09:54:36 Success.
2026-01-15 09:54:36 Latest version is 1.11.4
2026-01-15 09:54:36 App is up to date.
2026-01-16 13:49:22 Loading updated app package /home/zeke/.config/obsidian/obsidian-1.11.4.asar
2026-01-16 13:49:23 Checking for update using Github
2026-01-16 13:49:24 Success.
2026-01-16 13:49:24 Latest version is 1.11.4
2026-01-16 13:49:24 App is up to date.
2026-01-16 15:18:24 Loading updated app package /home/zeke/.config/obsidian/obsidian-1.11.4.asar
2026-01-16 15:18:24 Checking for update using Github
2026-01-16 15:18:25 Success.
2026-01-16 15:18:25 Latest version is 1.11.4
2026-01-16 15:18:25 App is up to date.
2026-01-17 15:34:42 Loading updated app package /home/zeke/.config/obsidian/obsidian-1.11.4.asar
2026-01-17 15:34:43 Checking for update using Github
2026-01-17 15:34:48 Success.
2026-01-17 15:34:48 Latest version is 1.11.4
2026-01-17 15:34:48 App is up to date.
2026-01-17 15:58:25 Loading updated app package /home/zeke/.config/obsidian/obsidian-1.11.4.asar
2026-01-17 15:58:25 Checking for update using Github
2026-01-17 15:58:25 Failed to check for update using Github (net::ERR_INTERNET_DISCONNECTED)
2026-01-17 15:58:25 Checking for update using obsidian.md
2026-01-17 15:58:25 Failed to check for update using obsidian.md (net::ERR_INTERNET_DISCONNECTED)
2026-01-18 12:30:42 Loading updated app package /home/zeke/.config/obsidian/obsidian-1.11.4.asar
2026-01-18 12:30:42 Checking for update using Github
2026-01-18 12:30:43 Success.
2026-01-18 12:30:43 Latest version is 1.11.4
2026-01-18 12:30:43 App is up to date.
2026-01-18 13:37:03 Checking for update using Github
2026-01-18 13:37:04 Success.
2026-01-18 13:37:04 Latest version is 1.11.4
2026-01-18 13:37:04 App is up to date.
2026-01-19 04:55:28 Loading updated app package /home/zeke/.config/obsidian/obsidian-1.11.4.asar
2026-01-19 04:55:29 Checking for update using Github
2026-01-19 04:55:29 Success.
2026-01-19 04:55:29 Latest version is 1.11.4
2026-01-19 04:55:29 App is up to date.
2026-01-19 05:15:46 Loading updated app package /home/zeke/.config/obsidian/obsidian-1.11.4.asar
2026-01-19 05:15:46 Checking for update using Github
2026-01-19 05:15:47 Success.
2026-01-19 05:15:47 Latest version is 1.11.4
2026-01-19 05:15:47 App is up to date.
2026-01-19 05:21:38 Loading updated app package /home/zeke/.config/obsidian/obsidian-1.11.4.asar
2026-01-19 05:21:38 Checking for update using Github
2026-01-19 05:21:38 Success.
2026-01-19 05:21:38 Latest version is 1.11.4
2026-01-19 05:21:38 App is up to date.
2026-01-19 05:30:00 Loading updated app package /home/zeke/.config/obsidian/obsidian-1.11.4.asar
2026-01-19 05:30:00 Checking for update using Github
2026-01-19 05:30:00 Failed to check for update using Github (net::ERR_INTERNET_DISCONNECTED)
2026-01-19 05:30:00 Checking for update using obsidian.md
2026-01-19 05:30:00 Failed to check for update using obsidian.md (net::ERR_INTERNET_DISCONNECTED)
2026-01-19 05:33:41 Loading updated app package /home/zeke/.config/obsidian/obsidian-1.11.4.asar
2026-01-19 05:33:41 Checking for update using Github
2026-01-19 05:33:41 Failed to check for update using Github (net::ERR_INTERNET_DISCONNECTED)
2026-01-19 05:33:41 Checking for update using obsidian.md
2026-01-19 05:33:41 Failed to check for update using obsidian.md (net::ERR_INTERNET_DISCONNECTED)
2026-01-19 05:45:06 Loading updated app package /home/zeke/.config/obsidian/obsidian-1.11.4.asar
2026-01-19 05:45:06 Checking for update using Github
2026-01-19 05:45:07 Success.
2026-01-19 05:45:07 Latest version is 1.11.4
2026-01-19 05:45:07 App is up to date.
2026-01-19 05:47:16 Loading updated app package /home/zeke/.config/obsidian/obsidian-1.11.4.asar
2026-01-19 05:47:17 Checking for update using Github
2026-01-19 05:47:17 Success.
2026-01-19 05:47:17 Latest version is 1.11.4
2026-01-19 05:47:17 App is up to date.
2026-01-19 05:47:45 Loading updated app package /home/zeke/.config/obsidian/obsidian-1.11.4.asar
2026-01-19 05:47:45 Checking for update using Github
2026-01-19 05:47:45 Success.
2026-01-19 05:47:45 Latest version is 1.11.4
2026-01-19 05:47:45 App is up to date.
2026-01-20 16:04:53 Loading updated app package /home/zeke/.config/obsidian/obsidian-1.11.4.asar
2026-01-20 16:04:54 Checking for update using Github
2026-01-20 16:04:54 Success.
2026-01-20 16:04:54 Latest version is 1.11.4
2026-01-20 16:04:54 App is up to date.
2026-01-21 19:42:43 Loading updated app package /home/zeke/.config/obsidian/obsidian-1.11.4.asar
2026-01-21 19:42:43 Checking for update using Github
2026-01-21 19:42:43 Failed to check for update using Github (net::ERR_INTERNET_DISCONNECTED)
2026-01-21 19:42:43 Checking for update using obsidian.md
2026-01-21 19:42:43 Failed to check for update using obsidian.md (net::ERR_INTERNET_DISCONNECTED)
2026-01-22 03:17:36 Loading updated app package /home/zeke/.config/obsidian/obsidian-1.11.4.asar
2026-01-22 03:17:37 Checking for update using Github
2026-01-22 03:17:37 Success.
2026-01-22 03:17:37 Latest version is 1.11.5
2026-01-22 03:17:37 Downloading update from https://github.com/obsidianmd/obsidian-releases/releases/download/v1.11.5/obsidian-1.11.5.asar.gz
2026-01-22 03:24:43 Loading updated app package /home/zeke/.config/obsidian/obsidian-1.11.4.asar
2026-01-22 03:24:43 Checking for update using Github
2026-01-22 03:24:44 Success.
2026-01-22 03:24:44 Latest version is 1.11.5
2026-01-22 03:24:44 Downloading update from https://github.com/obsidianmd/obsidian-releases/releases/download/v1.11.5/obsidian-1.11.5.asar.gz
2026-01-22 03:24:53 Verifying hash & signature. Size= 8771203
2026-01-22 03:24:53 Saving file
2026-01-22 03:24:53 Update complete.
2026-01-22 03:47:15 Loading updated app package /home/zeke/.config/obsidian/obsidian-1.11.5.asar
2026-01-22 03:47:16 Checking for update using Github
2026-01-22 03:47:16 Success.
2026-01-22 03:47:16 Latest version is 1.11.5
2026-01-22 03:47:16 App is up to date.
2026-01-22 18:25:07 Loading updated app package /home/zeke/.config/obsidian/obsidian-1.11.5.asar
2026-01-22 18:25:08 Checking for update using Github
2026-01-22 18:25:08 Success.
2026-01-22 18:25:08 Latest version is 1.11.5
2026-01-22 18:25:08 App is up to date.
2026-01-22 18:25:11 Loading updated app package /home/zeke/.config/obsidian/obsidian-1.11.5.asar
2026-01-22 18:25:11 Checking for update using Github
2026-01-22 18:25:11 Success.
2026-01-22 18:25:11 Latest version is 1.11.5
2026-01-22 18:25:11 App is up to date.
2026-01-22 18:26:18 Loading updated app package /home/zeke/.config/obsidian/obsidian-1.11.5.asar
2026-01-22 18:26:18 Checking for update using Github
2026-01-22 18:26:18 Success.
2026-01-22 18:26:18 Latest version is 1.11.5
2026-01-22 18:26:18 App is up to date.
2026-01-23 03:11:33 Loading updated app package /home/zeke/.config/obsidian/obsidian-1.11.5.asar
2026-01-23 03:11:33 Checking for update using Github
2026-01-23 03:11:34 Success.
2026-01-23 03:11:34 Latest version is 1.11.5
2026-01-23 03:11:34 App is up to date.
2026-01-23 08:10:29 Loading updated app package /home/zeke/.config/obsidian/obsidian-1.11.5.asar
2026-01-23 08:10:29 Checking for update using Github
2026-01-23 08:10:30 Success.
2026-01-23 08:10:30 Latest version is 1.11.5
2026-01-23 08:10:30 App is up to date.
2026-01-23 12:55:20 Loading updated app package /home/zeke/.config/obsidian/obsidian-1.11.5.asar
2026-01-23 12:55:21 Checking for update using Github
2026-01-25 15:53:11 Loading updated app package /home/zeke/.config/obsidian/obsidian-1.11.5.asar
2026-01-25 15:53:11 Checking for update using Github
2026-01-25 15:53:12 Success.
2026-01-25 15:53:12 Latest version is 1.11.5
2026-01-25 15:53:12 App is up to date.
2026-01-28 11:33:18 Loading updated app package /home/zeke/.config/obsidian/obsidian-1.11.5.asar
2026-01-28 11:33:18 Checking for update using Github
2026-01-28 11:33:19 Success.
2026-01-28 11:33:19 Latest version is 1.11.5
2026-01-28 11:33:19 App is up to date.
2026-01-28 18:48:24 Loading updated app package /home/zeke/.config/obsidian/obsidian-1.11.5.asar
2026-01-28 18:48:24 Checking for update using Github
2026-01-28 18:48:25 Success.
2026-01-28 18:48:25 Latest version is 1.11.5
2026-01-28 18:48:25 App is up to date.
2026-02-02 17:19:40 Loading main app package /usr/lib/obsidian/obsidian.asar
2026-02-02 17:19:41 Checking for update using Github
2026-02-02 17:19:41 Success.
2026-02-02 17:19:41 Latest version is 1.11.5
2026-02-02 17:19:41 App is up to date.
2026-02-03 10:31:32 Loading main app package /usr/lib/obsidian/obsidian.asar
2026-02-03 10:31:33 Checking for update using Github
2026-02-03 10:31:33 Failed to check for update using Github (net::ERR_INTERNET_DISCONNECTED)
2026-02-03 10:31:33 Checking for update using obsidian.md
2026-02-03 10:31:33 Failed to check for update using obsidian.md (net::ERR_INTERNET_DISCONNECTED)
2026-02-03 12:20:45 Loading main app package /usr/lib/obsidian/obsidian.asar
2026-02-03 12:20:45 Checking for update using Github
2026-02-03 12:20:45 Success.
2026-02-03 12:20:45 Latest version is 1.11.5
2026-02-03 12:20:45 App is up to date.
2026-02-16 11:06:49 Loading main app package /usr/lib/obsidian/obsidian.asar
2026-02-16 11:06:49 Checking for update using Github
2026-02-16 11:06:50 Success.
2026-02-16 11:06:50 Latest version is 1.11.7
2026-02-16 11:06:50 Downloading update from https://github.com/obsidianmd/obsidian-releases/releases/download/v1.11.7/obsidian-1.11.7.asar.gz
2026-02-16 11:06:56 Verifying hash & signature. Size= 8773752
2026-02-16 11:06:56 Saving file
2026-02-16 11:06:56 Update complete.
2026-02-16 17:45:46 Loading updated app package /home/zeke/.config/obsidian/obsidian-1.11.7.asar
2026-02-16 17:45:46 Checking for update using Github
2026-02-16 17:45:47 Success.
2026-02-16 17:45:47 Latest version is 1.11.7
2026-02-16 17:45:47 App is up to date.
2026-02-20 14:28:15 Loading updated app package /home/zeke/.config/obsidian/obsidian-1.11.7.asar
2026-02-20 14:28:16 Checking for update using Github
2026-02-20 14:28:16 Success.
2026-02-20 14:28:16 Latest version is 1.11.7
2026-02-20 14:28:16 App is up to date.
2026-02-20 15:28:16 Checking for update using Github
2026-02-20 15:28:16 Success.
2026-02-20 15:28:16 Latest version is 1.11.7
2026-02-20 15:28:16 App is up to date.
2026-02-21 11:43:21 Loading updated app package /home/zeke/.config/obsidian/obsidian-1.11.7.asar
2026-02-21 11:43:22 Checking for update using Github
2026-02-21 11:43:22 Success.
2026-02-21 11:43:22 Latest version is 1.11.7
2026-02-21 11:43:22 App is up to date.
2026-02-21 12:43:21 Checking for update using Github
2026-02-21 12:43:22 Success.
2026-02-21 12:43:22 Latest version is 1.11.7
2026-02-21 12:43:22 App is up to date.
2026-02-21 13:43:22 Checking for update using Github
2026-02-21 13:43:22 Success.
2026-02-21 13:43:22 Latest version is 1.11.7
2026-02-21 13:43:22 App is up to date.
2026-02-21 14:43:22 Checking for update using Github
2026-02-21 14:43:22 Success.
2026-02-21 14:43:22 Latest version is 1.11.7
2026-02-21 14:43:22 App is up to date.
2026-02-21 15:43:22 Checking for update using Github
2026-02-21 15:43:22 Success.
2026-02-21 15:43:22 Latest version is 1.11.7
2026-02-21 15:43:22 App is up to date.
2026-02-21 17:06:14 Loading updated app package /home/zeke/.config/obsidian/obsidian-1.11.7.asar
2026-02-21 17:06:14 Checking for update using Github
2026-02-21 17:06:14 Success.
2026-02-21 17:06:14 Latest version is 1.11.7
2026-02-21 17:06:14 App is up to date.
2026-02-21 18:21:19 Loading updated app package /home/zeke/.config/obsidian/obsidian-1.11.7.asar
2026-02-21 18:21:19 Checking for update using Github
2026-02-21 18:21:19 Success.
2026-02-21 18:21:19 Latest version is 1.11.7
2026-02-21 18:21:19 App is up to date.
2026-02-22 04:20:55 Loading updated app package /home/zeke/.config/obsidian/obsidian-1.11.7.asar
2026-02-22 04:20:55 Checking for update using Github
2026-02-22 04:20:56 Success.
2026-02-22 04:20:56 Latest version is 1.11.7
2026-02-22 04:20:56 App is up to date.
2026-02-27 15:17:11 Loaded main app package /usr/lib/obsidian/obsidian.asar
2026-02-27 15:17:11 Checking for update using Github
2026-02-27 15:17:11 Success.
2026-02-27 15:17:11 Latest version is 1.11.7
2026-02-27 15:17:11 App is up to date.
2026-02-27 16:17:11 Checking for update using Github
2026-02-27 16:17:11 Success.
2026-02-27 16:17:11 Latest version is 1.12.4
2026-02-27 16:17:11 Downloading update from https://github.com/obsidianmd/obsidian-releases/releases/download/v1.12.4/obsidian-1.12.4.asar.gz
2026-02-27 16:17:14 Verifying hash & signature. Size= 8322418
2026-02-27 16:17:14 Saving file
2026-02-27 16:17:14 Update complete.
2026-02-27 17:17:11 Checking for update using Github
2026-02-27 17:17:11 Success.
2026-02-27 17:17:11 Latest version is 1.12.4
2026-02-27 17:17:11 An update is already downloaded.
2026-02-27 21:54:26 Loaded updated app package /home/zeke/.config/obsidian/obsidian-1.12.4.asar
2026-02-27 21:54:26 Checking for update using Github
2026-02-27 21:54:26 Success.
2026-02-27 21:54:26 Latest version is 1.12.4
2026-02-27 21:54:26 App is up to date.
2026-03-05 17:24:22 Loaded updated app package /home/zeke/.config/obsidian/obsidian-1.12.4.asar
2026-03-05 17:24:22 Checking for update using Github
2026-03-05 17:24:22 Success.
2026-03-05 17:24:22 Latest version is 1.12.4
2026-03-05 17:24:22 App is up to date.
2026-03-05 17:28:57 Loaded updated app package /home/zeke/.config/obsidian/obsidian-1.12.4.asar
2026-03-05 17:28:57 Checking for update using Github
2026-03-05 17:28:57 Success.
2026-03-05 17:28:57 Latest version is 1.12.4
2026-03-05 17:28:57 App is up to date.
2026-03-05 17:37:51 Loaded updated app package /home/zeke/.config/obsidian/obsidian-1.12.4.asar
2026-03-05 17:37:51 Checking for update using Github
2026-03-05 17:37:52 Success.
2026-03-05 17:37:52 Latest version is 1.12.4
2026-03-05 17:37:52 App is up to date.
2026-03-05 17:50:08 Loaded updated app package /home/zeke/.config/obsidian/obsidian-1.12.4.asar
2026-03-05 17:50:08 Checking for update using Github
2026-03-05 17:50:08 Success.
2026-03-05 17:50:08 Latest version is 1.12.4
2026-03-05 17:50:08 App is up to date.
2026-03-05 18:00:12 Loaded updated app package /home/zeke/.config/obsidian/obsidian-1.12.4.asar
2026-03-05 18:00:12 Checking for update using Github
2026-03-05 18:00:13 Success.
2026-03-05 18:00:13 Latest version is 1.12.4
2026-03-05 18:00:13 App is up to date.
2026-03-06 18:15:08 Loaded updated app package /home/zeke/.config/obsidian/obsidian-1.12.4.asar
2026-03-06 18:15:09 Checking for update using Github
2026-03-06 18:15:09 Success.
2026-03-06 18:15:09 Latest version is 1.12.4
2026-03-06 18:15:09 App is up to date.
2026-03-07 03:42:50 Loaded updated app package /home/zeke/.config/obsidian/obsidian-1.12.4.asar
2026-03-07 03:42:50 Checking for update using Github
2026-03-07 03:42:50 Success.
2026-03-07 03:42:50 Latest version is 1.12.4
2026-03-07 03:42:50 App is up to date.
2026-03-07 04:00:49 Loaded updated app package /home/zeke/.config/obsidian/obsidian-1.12.4.asar
2026-03-07 04:00:49 Checking for update using Github
2026-03-07 04:00:50 Success.
2026-03-07 04:00:50 Latest version is 1.12.4
2026-03-07 04:00:50 App is up to date.
2026-03-07 04:21:46 Loaded updated app package /home/zeke/.config/obsidian/obsidian-1.12.4.asar
2026-03-07 04:21:46 Checking for update using Github
2026-03-07 04:21:46 Success.
2026-03-07 04:21:46 Latest version is 1.12.4
2026-03-07 04:21:46 App is up to date.
2026-03-07 12:21:34 Loaded updated app package /home/zeke/.config/obsidian/obsidian-1.12.4.asar
2026-03-07 12:21:35 Checking for update using Github
2026-03-07 12:21:47 Failed to check for update using Github (net::ERR_INTERNET_DISCONNECTED)
2026-03-07 12:21:47 Checking for update using obsidian.md
2026-03-07 12:21:59 Failed to check for update using obsidian.md (net::ERR_INTERNET_DISCONNECTED)
2026-03-07 12:48:49 Loaded updated app package /home/zeke/.config/obsidian/obsidian-1.12.4.asar
2026-03-07 12:48:49 Checking for update using Github
2026-03-07 12:48:49 Failed to check for update using Github (net::ERR_INTERNET_DISCONNECTED)
2026-03-07 12:48:49 Checking for update using obsidian.md
2026-03-07 12:48:49 Failed to check for update using obsidian.md (net::ERR_INTERNET_DISCONNECTED)
2026-03-07 13:13:02 Loaded updated app package /home/zeke/.config/obsidian/obsidian-1.12.4.asar
2026-03-07 13:13:02 Checking for update using Github
2026-03-07 13:13:02 Failed to check for update using Github (net::ERR_INTERNET_DISCONNECTED)
2026-03-07 13:13:02 Checking for update using obsidian.md
2026-03-07 13:13:02 Failed to check for update using obsidian.md (net::ERR_INTERNET_DISCONNECTED)
2026-03-07 16:09:45 Loaded updated app package /home/zeke/.config/obsidian/obsidian-1.12.4.asar
2026-03-07 16:09:45 Checking for update using Github
2026-03-07 16:09:45 Success.
2026-03-07 16:09:45 Latest version is 1.12.4
2026-03-07 16:09:45 App is up to date.
2026-03-07 16:09:59 Loaded updated app package /home/zeke/.config/obsidian/obsidian-1.12.4.asar
2026-03-07 16:09:59 Checking for update using Github
2026-03-07 16:09:59 Success.
2026-03-07 16:09:59 Latest version is 1.12.4
2026-03-07 16:09:59 App is up to date.
2026-03-07 16:15:22 Loaded updated app package /home/zeke/.config/obsidian/obsidian-1.12.4.asar
2026-03-07 16:15:22 Checking for update using Github
2026-03-07 16:15:22 Success.
2026-03-07 16:15:22 Latest version is 1.12.4
2026-03-07 16:15:22 App is up to date.
2026-03-07 16:16:00 Loaded updated app package /home/zeke/.config/obsidian/obsidian-1.12.4.asar
2026-03-07 16:16:00 Checking for update using Github
2026-03-07 16:16:00 Success.
2026-03-07 16:16:00 Latest version is 1.12.4
2026-03-07 16:16:00 App is up to date.
2026-03-07 16:16:32 Loaded updated app package /home/zeke/.config/obsidian/obsidian-1.12.4.asar
2026-03-07 16:16:32 Checking for update using Github
2026-03-07 16:16:32 Success.
2026-03-07 16:16:32 Latest version is 1.12.4
2026-03-07 16:16:32 App is up to date.
2026-03-07 16:17:50 Loaded updated app package /home/zeke/.config/obsidian/obsidian-1.12.4.asar
2026-03-07 16:17:50 Checking for update using Github
2026-03-07 16:17:50 Success.
2026-03-07 16:17:50 Latest version is 1.12.4
2026-03-07 16:17:50 App is up to date.
2026-03-07 19:08:25 Loaded updated app package /home/zeke/.config/obsidian/obsidian-1.12.4.asar
2026-03-07 19:08:25 Checking for update using Github
2026-03-07 19:08:25 Success.
2026-03-07 19:08:25 Latest version is 1.12.4
2026-03-07 19:08:25 App is up to date.
2026-03-07 19:08:39 Loaded updated app package /home/zeke/.config/obsidian/obsidian-1.12.4.asar
2026-03-07 19:08:39 Checking for update using Github
2026-03-07 19:08:39 Success.
2026-03-07 19:08:39 Latest version is 1.12.4
2026-03-07 19:08:39 App is up to date.
2026-03-08 03:15:59 Loaded updated app package /home/zeke/.config/obsidian/obsidian-1.12.4.asar
2026-03-08 03:15:59 Checking for update using Github
2026-03-08 03:15:59 Success.
2026-03-08 03:15:59 Latest version is 1.12.4
2026-03-08 03:15:59 App is up to date.
2026-03-08 11:26:48 Loaded updated app package /home/zeke/.config/obsidian/obsidian-1.12.4.asar
2026-03-08 11:26:48 Checking for update using Github
2026-03-08 11:26:49 Success.
2026-03-08 11:26:49 Latest version is 1.12.4
2026-03-08 11:26:49 App is up to date.
2026-03-08 16:26:43 Loaded updated app package /home/zeke/.config/obsidian/obsidian-1.12.4.asar
2026-03-08 16:26:43 Checking for update using Github
2026-03-08 16:26:43 Success.
2026-03-08 16:26:43 Latest version is 1.12.4
2026-03-08 16:26:43 App is up to date.
2026-03-09 13:32:00 Loaded updated app package /home/zeke/.config/obsidian/obsidian-1.12.4.asar
2026-03-09 13:32:00 Checking for update using Github
2026-03-09 13:32:00 Success.
2026-03-09 13:32:00 Latest version is 1.12.4
2026-03-09 13:32:00 App is up to date.
2026-03-09 15:26:11 Loaded updated app package /home/zeke/.config/obsidian/obsidian-1.12.4.asar
2026-03-09 15:26:11 Checking for update using Github
2026-03-09 15:26:11 Success.
2026-03-09 15:26:11 Latest version is 1.12.4
2026-03-09 15:26:11 App is up to date.
2026-03-09 15:38:03 Loaded updated app package /home/zeke/.config/obsidian/obsidian-1.12.4.asar
2026-03-09 15:38:04 Checking for update using Github
2026-03-09 15:38:04 Success.
2026-03-09 15:38:04 Latest version is 1.12.4
2026-03-09 15:38:04 App is up to date.
2026-03-10 07:48:50 Loaded updated app package /home/zeke/.config/obsidian/obsidian-1.12.4.asar
2026-03-10 07:48:50 Checking for update using Github
2026-03-10 07:48:51 Success.
2026-03-10 07:48:51 Latest version is 1.12.4
2026-03-10 07:48:51 App is up to date.
2026-03-10 13:28:12 Loaded updated app package /home/zeke/.config/obsidian/obsidian-1.12.4.asar
2026-03-10 13:28:12 Checking for update using Github
2026-03-10 13:28:12 Success.
2026-03-10 13:28:12 Latest version is 1.12.4
2026-03-10 13:28:12 App is up to date.
2026-03-10 16:38:12 Loaded updated app package /home/zeke/.config/obsidian/obsidian-1.12.4.asar
2026-03-10 16:38:12 Checking for update using Github
2026-03-10 16:38:12 Success.
2026-03-10 16:38:12 Latest version is 1.12.4
2026-03-10 16:38:12 App is up to date.
2026-03-10 18:58:27 Loaded updated app package /home/zeke/.config/obsidian/obsidian-1.12.4.asar
2026-03-10 18:58:27 Checking for update using Github
2026-03-10 18:58:28 Success.
2026-03-10 18:58:28 Latest version is 1.12.4
2026-03-10 18:58:28 App is up to date.
2026-03-11 05:44:58 Loaded updated app package /home/zeke/.config/obsidian/obsidian-1.12.4.asar
2026-03-11 05:44:58 Checking for update using Github
2026-03-11 05:44:58 Success.
2026-03-11 05:44:58 Latest version is 1.12.4
2026-03-11 05:44:58 App is up to date.
2026-03-11 08:31:38 Loaded main app package /usr/lib/obsidian/obsidian.asar
2026-03-11 08:31:38 Checking for update using Github
2026-03-11 08:31:38 Success.
2026-03-11 08:31:38 Latest version is 1.12.4
2026-03-11 08:31:38 App is up to date.
2026-03-12 12:19:55 Loaded main app package /usr/lib/obsidian/obsidian.asar
2026-03-12 12:19:55 Checking for update using Github
2026-03-12 12:19:55 Success.
2026-03-12 12:19:55 Latest version is 1.12.4
2026-03-12 12:19:55 App is up to date.
2026-03-13 04:39:46 Loaded main app package /usr/lib/obsidian/obsidian.asar
2026-03-13 04:39:46 Checking for update using Github
2026-03-13 04:39:47 Success.
2026-03-13 04:39:47 Latest version is 1.12.4
2026-03-13 04:39:47 App is up to date.
2026-03-13 04:43:34 Loaded main app package /usr/lib/obsidian/obsidian.asar
2026-03-13 04:43:34 Checking for update using Github
2026-03-13 04:43:34 Success.
2026-03-13 04:43:34 Latest version is 1.12.4
2026-03-13 04:43:34 App is up to date.
2026-03-13 04:50:11 Loaded main app package /usr/lib/obsidian/obsidian.asar
2026-03-13 04:50:11 Checking for update using Github
2026-03-13 04:50:11 Success.
2026-03-13 04:50:11 Latest version is 1.12.4
2026-03-13 04:50:11 App is up to date.
2026-03-13 04:53:30 Loaded main app package /usr/lib/obsidian/obsidian.asar
2026-03-13 04:53:30 Checking for update using Github
2026-03-13 04:53:30 Success.
2026-03-13 04:53:30 Latest version is 1.12.4
2026-03-13 04:53:30 App is up to date.
2026-03-13 04:55:11 Loaded main app package /usr/lib/obsidian/obsidian.asar
2026-03-13 04:55:11 Checking for update using Github
2026-03-13 04:55:11 Success.
2026-03-13 04:55:11 Latest version is 1.12.4
2026-03-13 04:55:11 App is up to date.
2026-03-15 02:54:05 Loaded main app package /usr/lib/obsidian/obsidian.asar
2026-03-15 02:54:05 Checking for update using Github
2026-03-15 02:54:05 Success.
2026-03-15 02:54:05 Latest version is 1.12.4
2026-03-15 02:54:05 App is up to date.
2026-03-16 13:40:44 Loaded main app package /usr/lib/obsidian/obsidian.asar
2026-03-16 13:40:44 Checking for update using Github
2026-03-16 13:40:44 Success.
2026-03-16 13:40:44 Latest version is 1.12.4
2026-03-16 13:40:44 App is up to date.
2026-03-27 03:05:28 Loaded main app package /usr/lib/obsidian/obsidian.asar
2026-03-27 03:05:29 Checking for update using Github
2026-03-27 03:05:29 Success.
2026-03-27 03:05:29 Latest version is 1.12.7
2026-03-27 03:05:29 Downloading update from https://github.com/obsidianmd/obsidian-releases/releases/download/v1.12.7/obsidian-1.12.7.asar.gz
2026-03-27 03:05:31 Verifying hash & signature. Size= 8323080
2026-03-27 03:05:31 Saving file
2026-03-27 03:05:31 Update complete.
